Archive member included to satisfy reference by file (symbol)

/opt/st/stm32cubeide_1.17.0/plugins/com.st.stm32cube.ide.mcu.externaltools.gnu-tools-for-stm32.12.3.rel1.linux64_1.1.0.202410170702/tools/bin/../lib/gcc/arm-none-eabi/12.3.1/../../../../arm-none-eabi/lib/thumb/v7e-m+fp/hard/libc_nano.a(libc_a-exit.o)
                              /opt/st/stm32cubeide_1.17.0/plugins/com.st.stm32cube.ide.mcu.externaltools.gnu-tools-for-stm32.12.3.rel1.linux64_1.1.0.202410170702/tools/bin/../lib/gcc/arm-none-eabi/12.3.1/../../../../arm-none-eabi/lib/thumb/v7e-m+fp/hard/crt0.o (exit)
/opt/st/stm32cubeide_1.17.0/plugins/com.st.stm32cube.ide.mcu.externaltools.gnu-tools-for-stm32.12.3.rel1.linux64_1.1.0.202410170702/tools/bin/../lib/gcc/arm-none-eabi/12.3.1/../../../../arm-none-eabi/lib/thumb/v7e-m+fp/hard/libc_nano.a(libc_a-findfp.o)
                              /opt/st/stm32cubeide_1.17.0/plugins/com.st.stm32cube.ide.mcu.externaltools.gnu-tools-for-stm32.12.3.rel1.linux64_1.1.0.202410170702/tools/bin/../lib/gcc/arm-none-eabi/12.3.1/../../../../arm-none-eabi/lib/thumb/v7e-m+fp/hard/libc_nano.a(libc_a-exit.o) (__stdio_exit_handler)
/opt/st/stm32cubeide_1.17.0/plugins/com.st.stm32cube.ide.mcu.externaltools.gnu-tools-for-stm32.12.3.rel1.linux64_1.1.0.202410170702/tools/bin/../lib/gcc/arm-none-eabi/12.3.1/../../../../arm-none-eabi/lib/thumb/v7e-m+fp/hard/libc_nano.a(libc_a-fwalk.o)
                              /opt/st/stm32cubeide_1.17.0/plugins/com.st.stm32cube.ide.mcu.externaltools.gnu-tools-for-stm32.12.3.rel1.linux64_1.1.0.202410170702/tools/bin/../lib/gcc/arm-none-eabi/12.3.1/../../../../arm-none-eabi/lib/thumb/v7e-m+fp/hard/libc_nano.a(libc_a-findfp.o) (_fwalk_sglue)
/opt/st/stm32cubeide_1.17.0/plugins/com.st.stm32cube.ide.mcu.externaltools.gnu-tools-for-stm32.12.3.rel1.linux64_1.1.0.202410170702/tools/bin/../lib/gcc/arm-none-eabi/12.3.1/../../../../arm-none-eabi/lib/thumb/v7e-m+fp/hard/libc_nano.a(libc_a-stdio.o)
                              /opt/st/stm32cubeide_1.17.0/plugins/com.st.stm32cube.ide.mcu.externaltools.gnu-tools-for-stm32.12.3.rel1.linux64_1.1.0.202410170702/tools/bin/../lib/gcc/arm-none-eabi/12.3.1/../../../../arm-none-eabi/lib/thumb/v7e-m+fp/hard/libc_nano.a(libc_a-findfp.o) (__sread)
/opt/st/stm32cubeide_1.17.0/plugins/com.st.stm32cube.ide.mcu.externaltools.gnu-tools-for-stm32.12.3.rel1.linux64_1.1.0.202410170702/tools/bin/../lib/gcc/arm-none-eabi/12.3.1/../../../../arm-none-eabi/lib/thumb/v7e-m+fp/hard/libc_nano.a(libc_a-memset.o)
                              /opt/st/stm32cubeide_1.17.0/plugins/com.st.stm32cube.ide.mcu.externaltools.gnu-tools-for-stm32.12.3.rel1.linux64_1.1.0.202410170702/tools/bin/../lib/gcc/arm-none-eabi/12.3.1/../../../../arm-none-eabi/lib/thumb/v7e-m+fp/hard/crt0.o (memset)
/opt/st/stm32cubeide_1.17.0/plugins/com.st.stm32cube.ide.mcu.externaltools.gnu-tools-for-stm32.12.3.rel1.linux64_1.1.0.202410170702/tools/bin/../lib/gcc/arm-none-eabi/12.3.1/../../../../arm-none-eabi/lib/thumb/v7e-m+fp/hard/libc_nano.a(libc_a-closer.o)
                              /opt/st/stm32cubeide_1.17.0/plugins/com.st.stm32cube.ide.mcu.externaltools.gnu-tools-for-stm32.12.3.rel1.linux64_1.1.0.202410170702/tools/bin/../lib/gcc/arm-none-eabi/12.3.1/../../../../arm-none-eabi/lib/thumb/v7e-m+fp/hard/libc_nano.a(libc_a-stdio.o) (_close_r)
/opt/st/stm32cubeide_1.17.0/plugins/com.st.stm32cube.ide.mcu.externaltools.gnu-tools-for-stm32.12.3.rel1.linux64_1.1.0.202410170702/tools/bin/../lib/gcc/arm-none-eabi/12.3.1/../../../../arm-none-eabi/lib/thumb/v7e-m+fp/hard/libc_nano.a(libc_a-reent.o)
                              /opt/st/stm32cubeide_1.17.0/plugins/com.st.stm32cube.ide.mcu.externaltools.gnu-tools-for-stm32.12.3.rel1.linux64_1.1.0.202410170702/tools/bin/../lib/gcc/arm-none-eabi/12.3.1/../../../../arm-none-eabi/lib/thumb/v7e-m+fp/hard/libc_nano.a(libc_a-closer.o) (errno)
/opt/st/stm32cubeide_1.17.0/plugins/com.st.stm32cube.ide.mcu.externaltools.gnu-tools-for-stm32.12.3.rel1.linux64_1.1.0.202410170702/tools/bin/../lib/gcc/arm-none-eabi/12.3.1/../../../../arm-none-eabi/lib/thumb/v7e-m+fp/hard/libc_nano.a(libc_a-impure.o)
                              /opt/st/stm32cubeide_1.17.0/plugins/com.st.stm32cube.ide.mcu.externaltools.gnu-tools-for-stm32.12.3.rel1.linux64_1.1.0.202410170702/tools/bin/../lib/gcc/arm-none-eabi/12.3.1/../../../../arm-none-eabi/lib/thumb/v7e-m+fp/hard/libc_nano.a(libc_a-reent.o) (_impure_ptr)
/opt/st/stm32cubeide_1.17.0/plugins/com.st.stm32cube.ide.mcu.externaltools.gnu-tools-for-stm32.12.3.rel1.linux64_1.1.0.202410170702/tools/bin/../lib/gcc/arm-none-eabi/12.3.1/../../../../arm-none-eabi/lib/thumb/v7e-m+fp/hard/libc_nano.a(libc_a-lseekr.o)
                              /opt/st/stm32cubeide_1.17.0/plugins/com.st.stm32cube.ide.mcu.externaltools.gnu-tools-for-stm32.12.3.rel1.linux64_1.1.0.202410170702/tools/bin/../lib/gcc/arm-none-eabi/12.3.1/../../../../arm-none-eabi/lib/thumb/v7e-m+fp/hard/libc_nano.a(libc_a-stdio.o) (_lseek_r)
[...]
Memory Configuration

Name             Origin             Length             Attributes
CCMRAM           0x10000000         0x00010000         xrw
RAM              0x20000000         0x00020000         xrw
FLASH            0x08000000         0x00080000         xr
*default*        0x00000000         0xffffffff

Linker script and memory map

LOAD /opt/st/stm32cubeide_1.17.0/plugins/com.st.stm32cube.ide.mcu.externaltools.gnu-tools-for-stm32.12.3.rel1.linux64_1.1.0.202410170702/tools/bin/../lib/gcc/arm-none-eabi/12.3.1/thumb/v7e-m+fp/hard/crti.o
LOAD /opt/st/stm32cubeide_1.17.0/plugins/com.st.stm32cube.ide.mcu.externaltools.gnu-tools-for-stm32.12.3.rel1.linux64_1.1.0.202410170702/tools/bin/../lib/gcc/arm-none-eabi/12.3.1/thumb/v7e-m+fp/hard/crtbegin.o
LOAD /opt/st/stm32cubeide_1.17.0/plugins/com.st.stm32cube.ide.mcu.externaltools.gnu-tools-for-stm32.12.3.rel1.linux64_1.1.0.202410170702/tools/bin/../lib/gcc/arm-none-eabi/12.3.1/../../../../arm-none-eabi/lib/thumb/v7e-m+fp/hard/crt0.o
LOAD ./Core/Src/main.o
LOAD ./Core/Src/mpu5060.o
LOAD ./Core/Src/stm32f4xx_hal_msp.o
LOAD ./Core/Src/stm32f4xx_it.o
LOAD ./Core/Src/syscalls.o
LOAD ./Core/Src/sysmem.o
LOAD ./Core/Src/system_stm32f4xx.o
LOAD ./Core/Src/trash.o
LOAD ./Core/Startup/startup_stm32f407vetx.o
LOAD ./Drivers/STM32F4xx_HAL_Driver/stm32f4xx_hal.o
LOAD ./Drivers/STM32F4xx_HAL_Driver/stm32f4xx_hal_cortex.o
LOAD ./Drivers/STM32F4xx_HAL_Driver/stm32f4xx_hal_dma.o
LOAD ./Drivers/STM32F4xx_HAL_Driver/stm32f4xx_hal_dma_ex.o
LOAD ./Drivers/STM32F4xx_HAL_Driver/stm32f4xx_hal_exti.o
LOAD ./Drivers/STM32F4xx_HAL_Driver/stm32f4xx_hal_flash.o
LOAD ./Drivers/STM32F4xx_HAL_Driver/stm32f4xx_hal_flash_ex.o
LOAD ./Drivers/STM32F4xx_HAL_Driver/stm32f4xx_hal_flash_ramfunc.o
LOAD ./Drivers/STM32F4xx_HAL_Driver/stm32f4xx_hal_gpio.o
LOAD ./Drivers/STM32F4xx_HAL_Driver/stm32f4xx_hal_i2c.o
LOAD ./Drivers/STM32F4xx_HAL_Driver/stm32f4xx_hal_i2c_ex.o
LOAD ./Drivers/STM32F4xx_HAL_Driver/stm32f4xx_hal_pwr.o
LOAD ./Drivers/STM32F4xx_HAL_Driver/stm32f4xx_hal_pwr_ex.o
LOAD ./Drivers/STM32F4xx_HAL_Driver/stm32f4xx_hal_rcc.o
LOAD ./Drivers/STM32F4xx_HAL_Driver/stm32f4xx_hal_rcc_ex.o
START GROUP
LOAD /opt/st/stm32cubeide_1.17.0/plugins/com.st.stm32cube.ide.mcu.externaltools.gnu-tools-for-stm32.12.3.rel1.linux64_1.1.0.202410170702/tools/bin/../lib/gcc/arm-none-eabi/12.3.1/../../../../arm-none-eabi/lib/thumb/v7e-m+fp/hard/libstdc++_nano.a
LOAD /opt/st/stm32cubeide_1.17.0/plugins/com.st.stm32cube.ide.mcu.externaltools.gnu-tools-for-stm32.12.3.rel1.linux64_1.1.0.202410170702/tools/bin/../lib/gcc/arm-none-eabi/12.3.1/../../../../arm-none-eabi/lib/thumb/v7e-m+fp/hard/libsupc++_nano.a
END GROUP
LOAD /opt/st/stm32cubeide_1.17.0/plugins/com.st.stm32cube.ide.mcu.externaltools.gnu-tools-for-stm32.12.3.rel1.linux64_1.1.0.202410170702/tools/bin/../lib/gcc/arm-none-eabi/12.3.1/../../../../arm-none-eabi/lib/thumb/v7e-m+fp/hard/libstdc++_nano.a
LOAD /opt/st/stm32cubeide_1.17.0/plugins/com.st.stm32cube.ide.mcu.externaltools.gnu-tools-for-stm32.12.3.rel1.linux64_1.1.0.202410170702/tools/bin/../lib/gcc/arm-none-eabi/12.3.1/../../../../arm-none-eabi/lib/thumb/v7e-m+fp/hard/libm.a
LOAD /opt/st/stm32cubeide_1.17.0/plugins/com.st.stm32cube.ide.mcu.externaltools.gnu-tools-for-stm32.12.3.rel1.linux64_1.1.0.202410170702/tools/bin/../lib/gcc/arm-none-eabi/12.3.1/../../../../arm-none-eabi/lib/thumb/v7e-m+fp/hard/libc_nano.a
START GROUP
LOAD /opt/st/stm32cubeide_1.17.0/plugins/com.st.stm32cube.ide.mcu.externaltools.gnu-tools-for-stm32.12.3.rel1.linux64_1.1.0.202410170702/tools/bin/../lib/gcc/arm-none-eabi/12.3.1/thumb/v7e-m+fp/hard/libgcc.a
LOAD /opt/st/stm32cubeide_1.17.0/plugins/com.st.stm32cube.ide.mcu.externaltools.gnu-tools-for-stm32.12.3.rel1.linux64_1.1.0.202410170702/tools/bin/../lib/gcc/arm-none-eabi/12.3.1/../../../../arm-none-eabi/lib/thumb/v7e-m+fp/hard/libc_nano.a
END GROUP
START GROUP
LOAD /opt/st/stm32cubeide_1.17.0/plugins/com.st.stm32cube.ide.mcu.externaltools.gnu-tools-for-stm32.12.3.rel1.linux64_1.1.0.202410170702/tools/bin/../lib/gcc/arm-none-eabi/12.3.1/thumb/v7e-m+fp/hard/libgcc.a
LOAD /opt/st/stm32cubeide_1.17.0/plugins/com.st.stm32cube.ide.mcu.externaltools.gnu-tools-for-stm32.12.3.rel1.linux64_1.1.0.202410170702/tools/bin/../lib/gcc/arm-none-eabi/12.3.1/../../../../arm-none-eabi/lib/thumb/v7e-m+fp/hard/libc_nano.a
LOAD /opt/st/stm32cubeide_1.17.0/plugins/com.st.stm32cube.ide.mcu.externaltools.gnu-tools-for-stm32.12.3.rel1.linux64_1.1.0.202410170702/tools/bin/../lib/gcc/arm-none-eabi/12.3.1/../../../../arm-none-eabi/lib/thumb/v7e-m+fp/hard/libnosys.a
END GROUP
START GROUP
LOAD /opt/st/stm32cubeide_1.17.0/plugins/com.st.stm32cube.ide.mcu.externaltools.gnu-tools-for-stm32.12.3.rel1.linux64_1.1.0.202410170702/tools/bin/../lib/gcc/arm-none-eabi/12.3.1/thumb/v7e-m+fp/hard/libgcc.a
LOAD /opt/st/stm32cubeide_1.17.0/plugins/com.st.stm32cube.ide.mcu.externaltools.gnu-tools-for-stm32.12.3.rel1.linux64_1.1.0.202410170702/tools/bin/../lib/gcc/arm-none-eabi/12.3.1/../../../../arm-none-eabi/lib/thumb/v7e-m+fp/hard/libc_nano.a
LOAD /opt/st/stm32cubeide_1.17.0/plugins/com.st.stm32cube.ide.mcu.externaltools.gnu-tools-for-stm32.12.3.rel1.linux64_1.1.0.202410170702/tools/bin/../lib/gcc/arm-none-eabi/12.3.1/../../../../arm-none-eabi/lib/thumb/v7e-m+fp/hard/libnosys.a
END GROUP
LOAD /opt/st/stm32cubeide_1.17.0/plugins/com.st.stm32cube.ide.mcu.externaltools.gnu-tools-for-stm32.12.3.rel1.linux64_1.1.0.202410170702/tools/bin/../lib/gcc/arm-none-eabi/12.3.1/thumb/v7e-m+fp/hard/crtend.o
LOAD /opt/st/stm32cubeide_1.17.0/plugins/com.st.stm32cube.ide.mcu.externaltools.gnu-tools-for-stm32.12.3.rel1.linux64_1.1.0.202410170702/tools/bin/../lib/gcc/arm-none-eabi/12.3.1/thumb/v7e-m+fp/hard/crtn.o
                0x20020000                        _estack = (ORIGIN (RAM) + LENGTH (RAM))
                0x00000200                        _Min_Heap_Size = 0x200
                0x00000400                        _Min_Stack_Size = 0x400

.isr_vector     0x08000000      0x188
                0x08000000                        . = ALIGN (0x4)
 *(.isr_vector)
 .isr_vector    0x08000000      0x188 ./Core/Startup/startup_stm32f407vetx.o
                0x08000000                g_pfnVectors
                0x08000188                        . = ALIGN (0x4)

.text           0x08000188     0x3938
                0x08000188                        . = ALIGN (0x4)
 *(.text)
 .text          0x08000188       0x40 /opt/st/stm32cubeide_1.17.0/plugins/com.st.stm32cube.ide.mcu.externaltools.gnu-tools-for-stm32.12.3.rel1.linux64_1.1.0.202410170702/tools/bin/../lib/gcc/arm-none-eabi/12.3.1/thumb/v7e-m+fp/hard/crtbegin.o
 .text          0x080001c8      0x378 /opt/st/stm32cubeide_1.17.0/plugins/com.st.stm32cube.ide.mcu.externaltools.gnu-tools-for-stm32.12.3.rel1.linux64_1.1.0.202410170702/tools/bin/../lib/gcc/arm-none-eabi/12.3.1/thumb/v7e-m+fp/hard/libgcc.a(_arm_addsubdf3.o)
                0x080001c8                __aeabi_drsub
                0x080001d0                __aeabi_dsub
                0x080001d0                __subdf3
                0x080001d4                __adddf3
                0x080001d4                __aeabi_dadd
                0x0800044c                __aeabi_ui2d
                0x0800044c                __floatunsidf
                0x0800046c                __floatsidf
                0x0800046c                __aeabi_i2d
                0x08000490                __extendsfdf2
                0x08000490                __aeabi_f2d
                0x080004d4                __aeabi_ul2d
                0x080004d4                __floatundidf
                0x080004e4                __floatdidf
                0x080004e4                __aeabi_l2d
 .text          0x08000540      0x424 /opt/st/stm32cubeide_1.17.0/plugins/com.st.stm32cube.ide.mcu.externaltools.gnu-tools-for-stm32.12.3.rel1.linux64_1.1.0.202410170702/tools/bin/../lib/gcc/arm-none-eabi/12.3.1/thumb/v7e-m+fp/hard/libgcc.a(_arm_muldivdf3.o)
                0x08000540                __aeabi_dmul
                0x08000540                __muldf3
                0x08000794                __aeabi_ddiv
                0x08000794                __divdf3
 .text          0x08000964       0x50 /opt/st/stm32cubeide_1.17.0/plugins/com.st.stm32cube.ide.mcu.externaltools.gnu-tools-for-stm32.12.3.rel1.linux64_1.1.0.202410170702/tools/bin/../lib/gcc/arm-none-eabi/12.3.1/thumb/v7e-m+fp/hard/libgcc.a(_arm_fixdfsi.o)
                0x08000964                __fixdfsi
                0x08000964                __aeabi_d2iz
 .text          0x080009b4       0x30 /opt/st/stm32cubeide_1.17.0/plugins/com.st.stm32cube.ide.mcu.externaltools.gnu-tools-for-stm32.12.3.rel1.linux64_1.1.0.202410170702/tools/bin/../lib/gcc/arm-none-eabi/12.3.1/thumb/v7e-m+fp/hard/libgcc.a(_aeabi_uldivmod.o)
                0x080009b4                __aeabi_uldivmod
 .text          0x080009e4      0x2bc /opt/st/stm32cubeide_1.17.0/plugins/com.st.stm32cube.ide.mcu.externaltools.gnu-tools-for-stm32.12.3.rel1.linux64_1.1.0.202410170702/tools/bin/../lib/gcc/arm-none-eabi/12.3.1/thumb/v7e-m+fp/hard/libgcc.a(_udivmoddi4.o)
                0x080009e4                __udivmoddi4
 .text          0x08000ca0        0x4 /opt/st/stm32cubeide_1.17.0/plugins/com.st.stm32cube.ide.mcu.externaltools.gnu-tools-for-stm32.12.3.rel1.linux64_1.1.0.202410170702/tools/bin/../lib/gcc/arm-none-eabi/12.3.1/thumb/v7e-m+fp/hard/libgcc.a(_dvmd_tls.o)
                0x08000ca0                __aeabi_ldiv0
                0x08000ca0                __aeabi_idiv0
 *(.text*)
 .text.main     0x08000ca4       0xa0 ./Core/Src/main.o
                0x08000ca4                main
 .text.SystemClock_Config
                0x08000d44       0xd0 ./Core/Src/main.o
                0x08000d44                SystemClock_Config
 .text.MX_I2C1_Init
                0x08000e14       0x5c ./Core/Src/main.o
 .text.MX_I2C2_Init
                0x08000e70       0x5c ./Core/Src/main.o
 .text.MX_I2C3_Init
                0x08000ecc       0x5c ./Core/Src/main.o
 .text.MX_GPIO_Init
                0x08000f28      0x128 ./Core/Src/main.o
 .text.Error_Handler
                0x08001050        0xc ./Core/Src/main.o
                0x08001050                Error_Handler
 .text.mpu5060_check_sensors
                0x0800105c       0xfc ./Core/Src/mpu5060.o
                0x0800105c                mpu5060_check_sensors
 .text.mpu5060_register_configuration
                0x08001158      0x20c ./Core/Src/mpu5060.o
                0x08001158                mpu5060_register_configuration
 *fill*         0x08001364        0x4 
 .text.mpu_5060_read_gyro
                0x08001368      0x4ac ./Core/Src/mpu5060.o
                0x08001368                mpu_5060_read_gyro
 .text.HAL_MspInit
                0x08001814       0x50 ./Core/Src/stm32f4xx_hal_msp.o
                0x08001814                HAL_MspInit
 .text.HAL_I2C_MspInit
                0x08001864      0x1a8 ./Core/Src/stm32f4xx_hal_msp.o
                0x08001864                HAL_I2C_MspInit
 .text.NMI_Handler
                0x08001a0c        0x8 ./Core/Src/stm32f4xx_it.o
                0x08001a0c                NMI_Handler
 .text.HardFault_Handler
                0x08001a14        0x8 ./Core/Src/stm32f4xx_it.o
                0x08001a14                HardFault_Handler
 .text.MemManage_Handler
                0x08001a1c        0x8 ./Core/Src/stm32f4xx_it.o
                0x08001a1c                MemManage_Handler
 .text.BusFault_Handler
                0x08001a24        0x8 ./Core/Src/stm32f4xx_it.o
                0x08001a24                BusFault_Handler
 .text.UsageFault_Handler
                0x08001a2c        0x8 ./Core/Src/stm32f4xx_it.o
                0x08001a2c                UsageFault_Handler
 .text.SVC_Handler
                0x08001a34        0xe ./Core/Src/stm32f4xx_it.o
                0x08001a34                SVC_Handler
 .text.DebugMon_Handler
                0x08001a42        0xe ./Core/Src/stm32f4xx_it.o
                0x08001a42                DebugMon_Handler
 .text.PendSV_Handler
                0x08001a50        0xe ./Core/Src/stm32f4xx_it.o
                0x08001a50                PendSV_Handler
 .text.SysTick_Handler
                0x08001a5e        0xc ./Core/Src/stm32f4xx_it.o
                0x08001a5e                SysTick_Handler
 *fill*         0x08001a6a        0x2 
 .text.SystemInit
                0x08001a6c       0x24 ./Core/Src/system_stm32f4xx.o
                0x08001a6c                SystemInit
 .text.Reset_Handler
                0x08001a90       0x50 ./Core/Startup/startup_stm32f407vetx.o
                0x08001a90                Reset_Handler
 .text.Default_Handler
                0x08001ae0        0x2 ./Core/Startup/startup_stm32f407vetx.o
                0x08001ae0                RTC_Alarm_IRQHandler
                0x08001ae0                HASH_RNG_IRQHandler
                0x08001ae0                EXTI2_IRQHandler
                0x08001ae0                TIM8_CC_IRQHandler
                0x08001ae0                TIM1_CC_IRQHandler
                0x08001ae0                DMA2_Stream5_IRQHandler
                0x08001ae0                DMA1_Stream5_IRQHandler
                0x08001ae0                PVD_IRQHandler
                0x08001ae0                SDIO_IRQHandler
                0x08001ae0                TAMP_STAMP_IRQHandler
                0x08001ae0                CAN2_RX1_IRQHandler
                0x08001ae0                EXTI3_IRQHandler
                0x08001ae0                TIM8_TRG_COM_TIM14_IRQHandler
                0x08001ae0                TIM1_UP_TIM10_IRQHandler
                0x08001ae0                TIM8_UP_TIM13_IRQHandler
                0x08001ae0                I2C3_ER_IRQHandler
                0x08001ae0                EXTI0_IRQHandler
                0x08001ae0                I2C2_EV_IRQHandler
                0x08001ae0                DMA1_Stream2_IRQHandler
                0x08001ae0                CAN1_RX0_IRQHandler
                0x08001ae0                FPU_IRQHandler
                0x08001ae0                OTG_HS_WKUP_IRQHandler
                0x08001ae0                CAN2_SCE_IRQHandler
                0x08001ae0                DMA2_Stream2_IRQHandler
                0x08001ae0                SPI1_IRQHandler
                0x08001ae0                TIM6_DAC_IRQHandler
                0x08001ae0                TIM1_BRK_TIM9_IRQHandler
                0x08001ae0                DCMI_IRQHandler
                0x08001ae0                CAN2_RX0_IRQHandler
                0x08001ae0                DMA2_Stream3_IRQHandler
                0x08001ae0                USART6_IRQHandler
                0x08001ae0                USART3_IRQHandler
                0x08001ae0                CAN1_RX1_IRQHandler
                0x08001ae0                UART5_IRQHandler
                0x08001ae0                DMA2_Stream0_IRQHandler
                0x08001ae0                TIM4_IRQHandler
                0x08001ae0                I2C1_EV_IRQHandler
                0x08001ae0                DMA1_Stream6_IRQHandler
                0x08001ae0                DMA1_Stream1_IRQHandler
                0x08001ae0                UART4_IRQHandler
                0x08001ae0                TIM3_IRQHandler
                0x08001ae0                RCC_IRQHandler
                0x08001ae0                TIM8_BRK_TIM12_IRQHandler
                0x08001ae0                Default_Handler
                0x08001ae0                EXTI15_10_IRQHandler
                0x08001ae0                ADC_IRQHandler
                0x08001ae0                DMA1_Stream7_IRQHandler
                0x08001ae0                TIM7_IRQHandler
                0x08001ae0                CAN2_TX_IRQHandler
                0x08001ae0                TIM5_IRQHandler
                0x08001ae0                DMA2_Stream7_IRQHandler
                0x08001ae0                I2C3_EV_IRQHandler
                0x08001ae0                EXTI9_5_IRQHandler
                0x08001ae0                RTC_WKUP_IRQHandler
                0x08001ae0                ETH_WKUP_IRQHandler
                0x08001ae0                SPI2_IRQHandler
                0x08001ae0                OTG_HS_EP1_IN_IRQHandler
                0x08001ae0                DMA1_Stream0_IRQHandler
                0x08001ae0                CAN1_TX_IRQHandler
                0x08001ae0                EXTI4_IRQHandler
                0x08001ae0                FSMC_IRQHandler
                0x08001ae0                ETH_IRQHandler
                0x08001ae0                OTG_HS_EP1_OUT_IRQHandler
                0x08001ae0                WWDG_IRQHandler
                0x08001ae0                TIM2_IRQHandler
                0x08001ae0                OTG_FS_WKUP_IRQHandler
                0x08001ae0                TIM1_TRG_COM_TIM11_IRQHandler
                0x08001ae0                OTG_HS_IRQHandler
                0x08001ae0                EXTI1_IRQHandler
                0x08001ae0                USART2_IRQHandler
                0x08001ae0                I2C2_ER_IRQHandler
                0x08001ae0                DMA2_Stream1_IRQHandler
                0x08001ae0                CAN1_SCE_IRQHandler
                0x08001ae0                FLASH_IRQHandler
                0x08001ae0                DMA2_Stream4_IRQHandler
                0x08001ae0                USART1_IRQHandler
                0x08001ae0                OTG_FS_IRQHandler
                0x08001ae0                SPI3_IRQHandler
                0x08001ae0                DMA1_Stream4_IRQHandler
                0x08001ae0                I2C1_ER_IRQHandler
                0x08001ae0                DMA2_Stream6_IRQHandler
                0x08001ae0                DMA1_Stream3_IRQHandler
 *fill*         0x08001ae2        0x2 
 .text.HAL_Init
                0x08001ae4       0x44 ./Drivers/STM32F4xx_HAL_Driver/stm32f4xx_hal.o
                0x08001ae4                HAL_Init
 .text.HAL_InitTick
                0x08001b28       0x60 ./Drivers/STM32F4xx_HAL_Driver/stm32f4xx_hal.o
                0x08001b28                HAL_InitTick
 .text.HAL_IncTick
                0x08001b88       0x28 ./Drivers/STM32F4xx_HAL_Driver/stm32f4xx_hal.o
                0x08001b88                HAL_IncTick
 .text.HAL_GetTick
                0x08001bb0       0x18 ./Drivers/STM32F4xx_HAL_Driver/stm32f4xx_hal.o
                0x08001bb0                HAL_GetTick
 .text.__NVIC_SetPriorityGrouping
                0x08001bc8       0x48 ./Drivers/STM32F4xx_HAL_Driver/stm32f4xx_hal_cortex.o
 .text.__NVIC_GetPriorityGrouping
                0x08001c10       0x1c ./Drivers/STM32F4xx_HAL_Driver/stm32f4xx_hal_cortex.o
 .text.__NVIC_SetPriority
                0x08001c2c       0x54 ./Drivers/STM32F4xx_HAL_Driver/stm32f4xx_hal_cortex.o
 .text.NVIC_EncodePriority
                0x08001c80       0x66 ./Drivers/STM32F4xx_HAL_Driver/stm32f4xx_hal_cortex.o
 *fill*         0x08001ce6        0x2 
 .text.SysTick_Config
                0x08001ce8       0x44 ./Drivers/STM32F4xx_HAL_Driver/stm32f4xx_hal_cortex.o
 .text.HAL_NVIC_SetPriorityGrouping
                0x08001d2c       0x16 ./Drivers/STM32F4xx_HAL_Driver/stm32f4xx_hal_cortex.o
                0x08001d2c                HAL_NVIC_SetPriorityGrouping
 .text.HAL_NVIC_SetPriority
                0x08001d42       0x38 ./Drivers/STM32F4xx_HAL_Driver/stm32f4xx_hal_cortex.o
                0x08001d42                HAL_NVIC_SetPriority
 .text.HAL_SYSTICK_Config
                0x08001d7a       0x18 ./Drivers/STM32F4xx_HAL_Driver/stm32f4xx_hal_cortex.o
                0x08001d7a                HAL_SYSTICK_Config
 *fill*         0x08001d92        0x2 
 .text.HAL_GPIO_Init
                0x08001d94      0x338 ./Drivers/STM32F4xx_HAL_Driver/stm32f4xx_hal_gpio.o
                0x08001d94                HAL_GPIO_Init
 .text.HAL_GPIO_WritePin
                0x080020cc       0x32 ./Drivers/STM32F4xx_HAL_Driver/stm32f4xx_hal_gpio.o
                0x080020cc                HAL_GPIO_WritePin
 *fill*         0x080020fe        0x2 
 .text.HAL_I2C_Init
                0x08002100      0x288 ./Drivers/STM32F4xx_HAL_Driver/stm32f4xx_hal_i2c.o
                0x08002100                HAL_I2C_Init
 .text.HAL_I2C_Mem_Write
                0x08002388      0x1f4 ./Drivers/STM32F4xx_HAL_Driver/stm32f4xx_hal_i2c.o
                0x08002388                HAL_I2C_Mem_Write
 .text.HAL_I2C_Mem_Read
                0x0800257c      0x464 ./Drivers/STM32F4xx_HAL_Driver/stm32f4xx_hal_i2c.o
                0x0800257c                HAL_I2C_Mem_Read
 .text.I2C_RequestMemoryWrite
                0x080029e0      0x12c ./Drivers/STM32F4xx_HAL_Driver/stm32f4xx_hal_i2c.o
 .text.I2C_RequestMemoryRead
                0x08002b0c      0x1d0 ./Drivers/STM32F4xx_HAL_Driver/stm32f4xx_hal_i2c.o
 .text.I2C_WaitOnFlagUntilTimeout
                0x08002cdc       0xf4 ./Drivers/STM32F4xx_HAL_Driver/stm32f4xx_hal_i2c.o
 .text.I2C_WaitOnMasterAddressFlagUntilTimeout
                0x08002dd0      0x140 ./Drivers/STM32F4xx_HAL_Driver/stm32f4xx_hal_i2c.o
 .text.I2C_WaitOnTXEFlagUntilTimeout
                0x08002f10       0x90 ./Drivers/STM32F4xx_HAL_Driver/stm32f4xx_hal_i2c.o
 .text.I2C_WaitOnBTFFlagUntilTimeout
                0x08002fa0       0x90 ./Drivers/STM32F4xx_HAL_Driver/stm32f4xx_hal_i2c.o
 .text.I2C_WaitOnRXNEFlagUntilTimeout
                0x08003030       0xba ./Drivers/STM32F4xx_HAL_Driver/stm32f4xx_hal_i2c.o
 .text.I2C_IsAcknowledgeFailed
                0x080030ea       0x5e ./Drivers/STM32F4xx_HAL_Driver/stm32f4xx_hal_i2c.o
 .text.HAL_RCC_OscConfig
                0x08003148      0x4f0 ./Drivers/STM32F4xx_HAL_Driver/stm32f4xx_hal_rcc.o
                0x08003148                HAL_RCC_OscConfig
 .text.HAL_RCC_ClockConfig
                0x08003638      0x1cc ./Drivers/STM32F4xx_HAL_Driver/stm32f4xx_hal_rcc.o
                0x08003638                HAL_RCC_ClockConfig
 .text.HAL_RCC_GetSysClockFreq
                0x08003804      0x20c ./Drivers/STM32F4xx_HAL_Driver/stm32f4xx_hal_rcc.o
                0x08003804                HAL_RCC_GetSysClockFreq
 .text.HAL_RCC_GetHCLKFreq
                0x08003a10       0x18 ./Drivers/STM32F4xx_HAL_Driver/stm32f4xx_hal_rcc.o
                0x08003a10                HAL_RCC_GetHCLKFreq
 .text.HAL_RCC_GetPCLK1Freq
                0x08003a28       0x28 ./Drivers/STM32F4xx_HAL_Driver/stm32f4xx_hal_rcc.o
                0x08003a28                HAL_RCC_GetPCLK1Freq
 .text.memset   0x08003a50       0x10 /opt/st/stm32cubeide_1.17.0/plugins/com.st.stm32cube.ide.mcu.externaltools.gnu-tools-for-stm32.12.3.rel1.linux64_1.1.0.202410170702/tools/bin/../lib/gcc/arm-none-eabi/12.3.1/../../../../arm-none-eabi/lib/thumb/v7e-m+fp/hard/libc_nano.a(libc_a-memset.o)
                0x08003a50                memset
 .text.__libc_init_array
                0x08003a60       0x48 /opt/st/stm32cubeide_1.17.0/plugins/com.st.stm32cube.ide.mcu.externaltools.gnu-tools-for-stm32.12.3.rel1.linux64_1.1.0.202410170702/tools/bin/../lib/gcc/arm-none-eabi/12.3.1/../../../../arm-none-eabi/lib/thumb/v7e-m+fp/hard/libc_nano.a(libc_a-init.o)
                0x08003a60                __libc_init_array
 *(.glue_7)
 .glue_7        0x08003aa8        0x0 linker stubs
 *(.glue_7t)
 .glue_7t       0x08003aa8        0x0 linker stubs
 *(.eh_frame)
 .eh_frame      0x08003aa8        0x0 /opt/st/stm32cubeide_1.17.0/plugins/com.st.stm32cube.ide.mcu.externaltools.gnu-tools-for-stm32.12.3.rel1.linux64_1.1.0.202410170702/tools/bin/../lib/gcc/arm-none-eabi/12.3.1/thumb/v7e-m+fp/hard/crtbegin.o
 *(.init)
 .init          0x08003aa8        0x4 /opt/st/stm32cubeide_1.17.0/plugins/com.st.stm32cube.ide.mcu.externaltools.gnu-tools-for-stm32.12.3.rel1.linux64_1.1.0.202410170702/tools/bin/../lib/gcc/arm-none-eabi/12.3.1/thumb/v7e-m+fp/hard/crti.o
                0x08003aa8                _init
 .init          0x08003aac        0x8 /opt/st/stm32cubeide_1.17.0/plugins/com.st.stm32cube.ide.mcu.externaltools.gnu-tools-for-stm32.12.3.rel1.linux64_1.1.0.202410170702/tools/bin/../lib/gcc/arm-none-eabi/12.3.1/thumb/v7e-m+fp/hard/crtn.o
 *(.fini)
 .fini          0x08003ab4        0x4 /opt/st/stm32cubeide_1.17.0/plugins/com.st.stm32cube.ide.mcu.externaltools.gnu-tools-for-stm32.12.3.rel1.linux64_1.1.0.202410170702/tools/bin/../lib/gcc/arm-none-eabi/12.3.1/thumb/v7e-m+fp/hard/crti.o
                0x08003ab4                _fini
 .fini          0x08003ab8        0x8 /opt/st/stm32cubeide_1.17.0/plugins/com.st.stm32cube.ide.mcu.externaltools.gnu-tools-for-stm32.12.3.rel1.linux64_1.1.0.202410170702/tools/bin/../lib/gcc/arm-none-eabi/12.3.1/thumb/v7e-m+fp/hard/crtn.o
                0x08003ac0                        . = ALIGN (0x4)
                0x08003ac0                        _etext = .

.vfp11_veneer   0x08003ac0        0x0
 .vfp11_veneer  0x08003ac0        0x0 linker stubs

.v4_bx          0x08003ac0        0x0
 .v4_bx         0x08003ac0        0x0 linker stubs

.iplt           0x08003ac0        0x0
 .iplt          0x08003ac0        0x0 /opt/st/stm32cubeide_1.17.0/plugins/com.st.stm32cube.ide.mcu.externaltools.gnu-tools-for-stm32.12.3.rel1.linux64_1.1.0.202410170702/tools/bin/../lib/gcc/arm-none-eabi/12.3.1/thumb/v7e-m+fp/hard/crtbegin.o

.rodata         0x08003ac0       0x18
                0x08003ac0                        . = ALIGN (0x4)
 *(.rodata)
 *(.rodata*)
 .rodata.AHBPrescTable
                0x08003ac0       0x10 ./Core/Src/system_stm32f4xx.o
                0x08003ac0                AHBPrescTable
 .rodata.APBPrescTable
                0x08003ad0        0x8 ./Core/Src/system_stm32f4xx.o
                0x08003ad0                APBPrescTable
                0x08003ad8                        . = ALIGN (0x4)

.ARM.extab      0x08003ad8        0x0
                0x08003ad8                        . = ALIGN (0x4)
 *(.ARM.extab* .gnu.linkonce.armextab.*)
                0x08003ad8                        . = ALIGN (0x4)

.ARM            0x08003ad8        0x8
                0x08003ad8                        . = ALIGN (0x4)
                0x08003ad8                        __exidx_start = .
 *(.ARM.exidx*)
 .ARM.exidx     0x08003ad8        0x8 /opt/st/stm32cubeide_1.17.0/plugins/com.st.stm32cube.ide.mcu.externaltools.gnu-tools-for-stm32.12.3.rel1.linux64_1.1.0.202410170702/tools/bin/../lib/gcc/arm-none-eabi/12.3.1/thumb/v7e-m+fp/hard/libgcc.a(_udivmoddi4.o)
                0x08003ae0                        __exidx_end = .
                0x08003ae0                        . = ALIGN (0x4)

.preinit_array  0x08003ae0        0x0
                0x08003ae0                        . = ALIGN (0x4)
                0x08003ae0                        PROVIDE (__preinit_array_start = .)
 *(.preinit_array*)
                0x08003ae0                        PROVIDE (__preinit_array_end = .)
                0x08003ae0                        . = ALIGN (0x4)

.init_array     0x08003ae0        0x4
                0x08003ae0                        . = ALIGN (0x4)
                0x08003ae0                        PROVIDE (__init_array_start = .)
 *(SORT_BY_NAME(.init_array.*))
 *(.init_array*)
 .init_array    0x08003ae0        0x4 /opt/st/stm32cubeide_1.17.0/plugins/com.st.stm32cube.ide.mcu.externaltools.gnu-tools-for-stm32.12.3.rel1.linux64_1.1.0.202410170702/tools/bin/../lib/gcc/arm-none-eabi/12.3.1/thumb/v7e-m+fp/hard/crtbegin.o
                0x08003ae4                        PROVIDE (__init_array_end = .)
                0x08003ae4                        . = ALIGN (0x4)

.fini_array     0x08003ae4        0x4
                0x08003ae4                        . = ALIGN (0x4)
                [!provide]                        PROVIDE (__fini_array_start = .)
 *(SORT_BY_NAME(.fini_array.*))
 *(.fini_array*)
 .fini_array    0x08003ae4        0x4 /opt/st/stm32cubeide_1.17.0/plugins/com.st.stm32cube.ide.mcu.externaltools.gnu-tools-for-stm32.12.3.rel1.linux64_1.1.0.202410170702/tools/bin/../lib/gcc/arm-none-eabi/12.3.1/thumb/v7e-m+fp/hard/crtbegin.o
                [!provide]                        PROVIDE (__fini_array_end = .)
                0x08003ae8                        . = ALIGN (0x4)
                0x08003ae8                        _sidata = LOADADDR (.data)

.rel.dyn        0x08003ae8        0x0
 .rel.iplt      0x08003ae8        0x0 /opt/st/stm32cubeide_1.17.0/plugins/com.st.stm32cube.ide.mcu.externaltools.gnu-tools-for-stm32.12.3.rel1.linux64_1.1.0.202410170702/tools/bin/../lib/gcc/arm-none-eabi/12.3.1/thumb/v7e-m+fp/hard/crtbegin.o

.data           0x20000000        0xc load address 0x08003ae8
                0x20000000                        . = ALIGN (0x4)
                0x20000000                        _sdata = .
 *(.data)
 *(.data*)
 .data.SystemCoreClock
                0x20000000        0x4 ./Core/Src/system_stm32f4xx.o
                0x20000000                SystemCoreClock
 .data.uwTickPrio
                0x20000004        0x4 ./Drivers/STM32F4xx_HAL_Driver/stm32f4xx_hal.o
                0x20000004                uwTickPrio
 .data.uwTickFreq
                0x20000008        0x1 ./Drivers/STM32F4xx_HAL_Driver/stm32f4xx_hal.o
                0x20000008                uwTickFreq
 *(.RamFunc)
 *(.RamFunc*)
                0x2000000c                        . = ALIGN (0x4)
 *fill*         0x20000009        0x3 
                0x2000000c                        _edata = .
                0x08003af4                        _siccmram = LOADADDR (.ccmram)

.igot.plt       0x2000000c        0x0 load address 0x08003af4
 .igot.plt      0x2000000c        0x0 /opt/st/stm32cubeide_1.17.0/plugins/com.st.stm32cube.ide.mcu.externaltools.gnu-tools-for-stm32.12.3.rel1.linux64_1.1.0.202410170702/tools/bin/../lib/gcc/arm-none-eabi/12.3.1/thumb/v7e-m+fp/hard/crtbegin.o

.ccmram         0x10000000        0x0 load address 0x08003af4
                0x10000000                        . = ALIGN (0x4)
                0x10000000                        _sccmram = .
 *(.ccmram)
 *(.ccmram*)
                0x10000000                        . = ALIGN (0x4)
                0x10000000                        _eccmram = .
                0x10000000                        . = ALIGN (0x4)

.bss            0x2000000c      0x130
                0x2000000c                        _sbss = .
                0x2000000c                        __bss_start__ = _sbss
 *(.bss)
 .bss           0x2000000c       0x1c /opt/st/stm32cubeide_1.17.0/plugins/com.st.stm32cube.ide.mcu.externaltools.gnu-tools-for-stm32.12.3.rel1.linux64_1.1.0.202410170702/tools/bin/../lib/gcc/arm-none-eabi/12.3.1/thumb/v7e-m+fp/hard/crtbegin.o
 *(.bss*)
 .bss.hi2c1     0x20000028       0x54 ./Core/Src/main.o
                0x20000028                hi2c1
 .bss.hi2c2     0x2000007c       0x54 ./Core/Src/main.o
                0x2000007c                hi2c2
 .bss.hi2c3     0x200000d0       0x54 ./Core/Src/main.o
                0x200000d0                hi2c3
 .bss.INDEX_X_THUMB
                0x20000124        0x2 ./Core/Src/main.o
                0x20000124                INDEX_X_THUMB
 .bss.INDEX_Y_THUMB
                0x20000126        0x2 ./Core/Src/main.o
                0x20000126                INDEX_Y_THUMB
 .bss.INDEX_Z_THUMB
                0x20000128        0x2 ./Core/Src/main.o
                0x20000128                INDEX_Z_THUMB
 .bss.INDEX_X_INDEX
                0x2000012a        0x2 ./Core/Src/main.o
                0x2000012a                INDEX_X_INDEX
 .bss.INDEX_Y_INDEX
                0x2000012c        0x2 ./Core/Src/main.o
                0x2000012c                INDEX_Y_INDEX
 .bss.INDEX_Z_INDEX
                0x2000012e        0x2 ./Core/Src/main.o
                0x2000012e                INDEX_Z_INDEX
 .bss.INDEX_X_RING
                0x20000130        0x2 ./Core/Src/main.o
                0x20000130                INDEX_X_RING
 .bss.INDEX_Y_RING
                0x20000132        0x2 ./Core/Src/main.o
                0x20000132                INDEX_Y_RING
 .bss.INDEX_Z_RING
                0x20000134        0x2 ./Core/Src/main.o
                0x20000134                INDEX_Z_RING
 *fill*         0x20000136        0x2 
 .bss.uwTick    0x20000138        0x4 ./Drivers/STM32F4xx_HAL_Driver/stm32f4xx_hal.o
                0x20000138                uwTick
 *(COMMON)
                0x2000013c                        . = ALIGN (0x4)
                0x2000013c                        _ebss = .
                0x2000013c                        __bss_end__ = _ebss

._user_heap_stack
                0x2000013c      0x604
                0x20000140                        . = ALIGN (0x8)
 *fill*         0x2000013c        0x4 
                [!provide]                        PROVIDE (end = .)
                0x20000140                        PROVIDE (_end = .)
                0x20000340                        . = (. + _Min_Heap_Size)
 *fill*         0x20000140      0x200 
                0x20000740                        . = (. + _Min_Stack_Size)
 *fill*         0x20000340      0x400 
                0x20000740                        . = ALIGN (0x8)

/DISCARD/
 libc.a(*)
 libm.a(*)
 libgcc.a(*)

.ARM.attributes
                0x00000000       0x30
 *(.ARM.attributes)
 .ARM.attributes
                0x00000000       0x22 /opt/st/stm32cubeide_1.17.0/plugins/com.st.stm32cube.ide.mcu.externaltools.gnu-tools-for-stm32.12.3.rel1.linux64_1.1.0.202410170702/tools/bin/../lib/gcc/arm-none-eabi/12.3.1/thumb/v7e-m+fp/hard/crti.o
 .ARM.attributes
                0x00000022       0x34 /opt/st/stm32cubeide_1.17.0/plugins/com.st.stm32cube.ide.mcu.externaltools.gnu-tools-for-stm32.12.3.rel1.linux64_1.1.0.202410170702/tools/bin/../lib/gcc/arm-none-eabi/12.3.1/thumb/v7e-m+fp/hard/crtbegin.o
 .ARM.attributes
                0x00000056       0x34 ./Core/Src/main.o
 .ARM.attributes
                0x0000008a       0x34 ./Core/Src/mpu5060.o
 .ARM.attributes
                0x000000be       0x34 ./Core/Src/stm32f4xx_hal_msp.o
 .ARM.attributes
                0x000000f2       0x34 ./Core/Src/stm32f4xx_it.o
 .ARM.attributes
                0x00000126       0x34 ./Core/Src/system_stm32f4xx.o
 .ARM.attributes
                0x0000015a       0x21 ./Core/Startup/startup_stm32f407vetx.o
 .ARM.attributes
                0x0000017b       0x34 ./Drivers/STM32F4xx_HAL_Driver/stm32f4xx_hal.o
 .ARM.attributes
                0x000001af       0x34 ./Drivers/STM32F4xx_HAL_Driver/stm32f4xx_hal_cortex.o
 .ARM.attributes
                0x000001e3       0x34 ./Drivers/STM32F4xx_HAL_Driver/stm32f4xx_hal_gpio.o
 .ARM.attributes
                0x00000217       0x34 ./Drivers/STM32F4xx_HAL_Driver/stm32f4xx_hal_i2c.o
 .ARM.attributes
                0x0000024b       0x34 ./Drivers/STM32F4xx_HAL_Driver/stm32f4xx_hal_rcc.o
 .ARM.attributes
                0x0000027f       0x34 /opt/st/stm32cubeide_1.17.0/plugins/com.st.stm32cube.ide.mcu.externaltools.gnu-tools-for-stm32.12.3.rel1.linux64_1.1.0.202410170702/tools/bin/../lib/gcc/arm-none-eabi/12.3.1/../../../../arm-none-eabi/lib/thumb/v7e-m+fp/hard/libc_nano.a(libc_a-memset.o)
 .ARM.attributes
                0x000002b3       0x34 /opt/st/stm32cubeide_1.17.0/plugins/com.st.stm32cube.ide.mcu.externaltools.gnu-tools-for-stm32.12.3.rel1.linux64_1.1.0.202410170702/tools/bin/../lib/gcc/arm-none-eabi/12.3.1/../../../../arm-none-eabi/lib/thumb/v7e-m+fp/hard/libc_nano.a(libc_a-init.o)
 .ARM.attributes
                0x000002e7       0x22 /opt/st/stm32cubeide_1.17.0/plugins/com.st.stm32cube.ide.mcu.externaltools.gnu-tools-for-stm32.12.3.rel1.linux64_1.1.0.202410170702/tools/bin/../lib/gcc/arm-none-eabi/12.3.1/thumb/v7e-m+fp/hard/libgcc.a(_arm_addsubdf3.o)
 .ARM.attributes
                0x00000309       0x22 /opt/st/stm32cubeide_1.17.0/plugins/com.st.stm32cube.ide.mcu.externaltools.gnu-tools-for-stm32.12.3.rel1.linux64_1.1.0.202410170702/tools/bin/../lib/gcc/arm-none-eabi/12.3.1/thumb/v7e-m+fp/hard/libgcc.a(_arm_muldivdf3.o)
 .ARM.attributes
                0x0000032b       0x22 /opt/st/stm32cubeide_1.17.0/plugins/com.st.stm32cube.ide.mcu.externaltools.gnu-tools-for-stm32.12.3.rel1.linux64_1.1.0.202410170702/tools/bin/../lib/gcc/arm-none-eabi/12.3.1/thumb/v7e-m+fp/hard/libgcc.a(_arm_fixdfsi.o)
 .ARM.attributes
                0x0000034d       0x22 /opt/st/stm32cubeide_1.17.0/plugins/com.st.stm32cube.ide.mcu.externaltools.gnu-tools-for-stm32.12.3.rel1.linux64_1.1.0.202410170702/tools/bin/../lib/gcc/arm-none-eabi/12.3.1/thumb/v7e-m+fp/hard/libgcc.a(_aeabi_uldivmod.o)
 .ARM.attributes
                0x0000036f       0x34 /opt/st/stm32cubeide_1.17.0/plugins/com.st.stm32cube.ide.mcu.externaltools.gnu-tools-for-stm32.12.3.rel1.linux64_1.1.0.202410170702/tools/bin/../lib/gcc/arm-none-eabi/12.3.1/thumb/v7e-m+fp/hard/libgcc.a(_udivmoddi4.o)
 .ARM.attributes
                0x000003a3       0x22 /opt/st/stm32cubeide_1.17.0/plugins/com.st.stm32cube.ide.mcu.externaltools.gnu-tools-for-stm32.12.3.rel1.linux64_1.1.0.202410170702/tools/bin/../lib/gcc/arm-none-eabi/12.3.1/thumb/v7e-m+fp/hard/libgcc.a(_dvmd_tls.o)
 .ARM.attributes
                0x000003c5       0x22 /opt/st/stm32cubeide_1.17.0/plugins/com.st.stm32cube.ide.mcu.externaltools.gnu-tools-for-stm32.12.3.rel1.linux64_1.1.0.202410170702/tools/bin/../lib/gcc/arm-none-eabi/12.3.1/thumb/v7e-m+fp/hard/crtn.o
OUTPUT(f407vet6_mpu6050.elf elf32-littlearm)
LOAD linker stubs
LOAD /opt/st/stm32cubeide_1.17.0/plugins/com.st.stm32cube.ide.mcu.externaltools.gnu-tools-for-stm32.12.3.rel1.linux64_1.1.0.202410170702/tools/bin/../lib/gcc/arm-none-eabi/12.3.1/../../../../arm-none-eabi/lib/thumb/v7e-m+fp/hard/libc.a
LOAD /opt/st/stm32cubeide_1.17.0/plugins/com.st.stm32cube.ide.mcu.externaltools.gnu-tools-for-stm32.12.3.rel1.linux64_1.1.0.202410170702/tools/bin/../lib/gcc/arm-none-eabi/12.3.1/../../../../arm-none-eabi/lib/thumb/v7e-m+fp/hard/libm.a
LOAD /opt/st/stm32cubeide_1.17.0/plugins/com.st.stm32cube.ide.mcu.externaltools.gnu-tools-for-stm32.12.3.rel1.linux64_1.1.0.202410170702/tools/bin/../lib/gcc/arm-none-eabi/12.3.1/thumb/v7e-m+fp/hard/libgcc.a

.debug_info     0x00000000     0x72ce
 .debug_info    0x00000000      0xe28 ./Core/Src/main.o
 .debug_info    0x00000e28      0xa3b ./Core/Src/mpu5060.o
 .debug_info    0x00001863      0x9c0 ./Core/Src/stm32f4xx_hal_msp.o
 .debug_info    0x00002223      0x112 ./Core/Src/stm32f4xx_it.o
 .debug_info    0x00002335      0x512 ./Core/Src/system_stm32f4xx.o
 .debug_info    0x00002847       0x30 ./Core/Startup/startup_stm32f407vetx.o
 .debug_info    0x00002877      0x944 ./Drivers/STM32F4xx_HAL_Driver/stm32f4xx_hal.o
 .debug_info    0x000031bb      0xd8c ./Drivers/STM32F4xx_HAL_Driver/stm32f4xx_hal_cortex.o
 .debug_info    0x00003f47      0x6c3 ./Drivers/STM32F4xx_HAL_Driver/stm32f4xx_hal_gpio.o
 .debug_info    0x0000460a     0x2415 ./Drivers/STM32F4xx_HAL_Driver/stm32f4xx_hal_i2c.o
 .debug_info    0x00006a1f      0x8af ./Drivers/STM32F4xx_HAL_Driver/stm32f4xx_hal_rcc.o

.debug_abbrev   0x00000000     0x141b
 .debug_abbrev  0x00000000      0x286 ./Core/Src/main.o
 .debug_abbrev  0x00000286      0x1d6 ./Core/Src/mpu5060.o
 .debug_abbrev  0x0000045c      0x1a5 ./Core/Src/stm32f4xx_hal_msp.o
 .debug_abbrev  0x00000601       0x73 ./Core/Src/stm32f4xx_it.o
 .debug_abbrev  0x00000674      0x11a ./Core/Src/system_stm32f4xx.o
 .debug_abbrev  0x0000078e       0x24 ./Core/Startup/startup_stm32f407vetx.o
 .debug_abbrev  0x000007b2      0x214 ./Drivers/STM32F4xx_HAL_Driver/stm32f4xx_hal.o
 .debug_abbrev  0x000009c6      0x31d ./Drivers/STM32F4xx_HAL_Driver/stm32f4xx_hal_cortex.o
 .debug_abbrev  0x00000ce3      0x1d4 ./Drivers/STM32F4xx_HAL_Driver/stm32f4xx_hal_gpio.o
 .debug_abbrev  0x00000eb7      0x2ad ./Drivers/STM32F4xx_HAL_Driver/stm32f4xx_hal_i2c.o
 .debug_abbrev  0x00001164      0x2b7 ./Drivers/STM32F4xx_HAL_Driver/stm32f4xx_hal_rcc.o

.debug_aranges  0x00000000      0x708
 .debug_aranges
                0x00000000       0x50 ./Core/Src/main.o
 .debug_aranges
                0x00000050       0x30 ./Core/Src/mpu5060.o
 .debug_aranges
                0x00000080       0x30 ./Core/Src/stm32f4xx_hal_msp.o
 .debug_aranges
                0x000000b0       0x60 ./Core/Src/stm32f4xx_it.o
 .debug_aranges
                0x00000110       0x28 ./Core/Src/system_stm32f4xx.o
 .debug_aranges
                0x00000138       0x28 ./Core/Startup/startup_stm32f407vetx.o
 .debug_aranges
                0x00000160       0xf0 ./Drivers/STM32F4xx_HAL_Driver/stm32f4xx_hal.o
 .debug_aranges
                0x00000250      0x130 ./Drivers/STM32F4xx_HAL_Driver/stm32f4xx_hal_cortex.o
 .debug_aranges
                0x00000380       0x58 ./Drivers/STM32F4xx_HAL_Driver/stm32f4xx_hal_gpio.o
 .debug_aranges
                0x000003d8      0x2a8 ./Drivers/STM32F4xx_HAL_Driver/stm32f4xx_hal_i2c.o
 .debug_aranges
                0x00000680       0x88 ./Drivers/STM32F4xx_HAL_Driver/stm32f4xx_hal_rcc.o

.debug_rnglists
                0x00000000      0x563
 .debug_rnglists
                0x00000000       0x3a ./Core/Src/main.o
 .debug_rnglists
                0x0000003a       0x22 ./Core/Src/mpu5060.o
 .debug_rnglists
                0x0000005c       0x21 ./Core/Src/stm32f4xx_hal_msp.o
 .debug_rnglists
                0x0000007d       0x43 ./Core/Src/stm32f4xx_it.o
 .debug_rnglists
                0x000000c0       0x1a ./Core/Src/system_stm32f4xx.o
 .debug_rnglists
                0x000000da       0x19 ./Core/Startup/startup_stm32f407vetx.o
 .debug_rnglists
                0x000000f3       0xaf ./Drivers/STM32F4xx_HAL_Driver/stm32f4xx_hal.o
 .debug_rnglists
                0x000001a2       0xe0 ./Drivers/STM32F4xx_HAL_Driver/stm32f4xx_hal_cortex.o
 .debug_rnglists
                0x00000282       0x3f ./Drivers/STM32F4xx_HAL_Driver/stm32f4xx_hal_gpio.o
 .debug_rnglists
                0x000002c1      0x23c ./Drivers/STM32F4xx_HAL_Driver/stm32f4xx_hal_i2c.o
 .debug_rnglists
                0x000004fd       0x66 ./Drivers/STM32F4xx_HAL_Driver/stm32f4xx_hal_rcc.o

.debug_macro    0x00000000    0x1ff52
 .debug_macro   0x00000000      0x1e2 ./Core/Src/main.o
 .debug_macro   0x000001e2      0xab4 ./Core/Src/main.o
 .debug_macro   0x00000c96      0x295 ./Core/Src/main.o
 .debug_macro   0x00000f2b       0x2e ./Core/Src/main.o
 .debug_macro   0x00000f59       0x2f ./Core/Src/main.o
 .debug_macro   0x00000f88       0x22 ./Core/Src/main.o
 .debug_macro   0x00000faa       0x8e ./Core/Src/main.o
 .debug_macro   0x00001038       0x51 ./Core/Src/main.o
 .debug_macro   0x00001089      0x103 ./Core/Src/main.o
 .debug_macro   0x0000118c       0x6a ./Core/Src/main.o
 .debug_macro   0x000011f6      0x1df ./Core/Src/main.o
 .debug_macro   0x000013d5       0x1c ./Core/Src/main.o
 .debug_macro   0x000013f1       0x22 ./Core/Src/main.o
 .debug_macro   0x00001413       0xfb ./Core/Src/main.o
 .debug_macro   0x0000150e     0x1011 ./Core/Src/main.o
 .debug_macro   0x0000251f      0x11f ./Core/Src/main.o
 .debug_macro   0x0000263e    0x15e97 ./Core/Src/main.o
 .debug_macro   0x000184d5       0x6d ./Core/Src/main.o
 .debug_macro   0x00018542     0x369a ./Core/Src/main.o
 .debug_macro   0x0001bbdc      0x189 ./Core/Src/main.o
 .debug_macro   0x0001bd65       0x5c ./Core/Src/main.o
 .debug_macro   0x0001bdc1      0x980 ./Core/Src/main.o
 .debug_macro   0x0001c741      0x9e9 ./Core/Src/main.o
 .debug_macro   0x0001d12a      0x115 ./Core/Src/main.o
 .debug_macro   0x0001d23f      0x13e ./Core/Src/main.o
 .debug_macro   0x0001d37d       0xa5 ./Core/Src/main.o
 .debug_macro   0x0001d422      0x174 ./Core/Src/main.o
 .debug_macro   0x0001d596      0x287 ./Core/Src/main.o
 .debug_macro   0x0001d81d       0x5f ./Core/Src/main.o
 .debug_macro   0x0001d87c      0x236 ./Core/Src/main.o
 .debug_macro   0x0001dab2      0x12c ./Core/Src/main.o
 .debug_macro   0x0001dbde      0x21e ./Core/Src/main.o
 .debug_macro   0x0001ddfc       0x2e ./Core/Src/main.o
 .debug_macro   0x0001de2a      0x1b5 ./Core/Src/main.o
 .debug_macro   0x0001dfdf       0xd6 ./Core/Src/main.o
 .debug_macro   0x0001e0b5      0x127 ./Core/Src/main.o
 .debug_macro   0x0001e1dc       0x7e ./Core/Src/main.o
 .debug_macro   0x0001e25a       0x89 ./Core/Src/main.o
 .debug_macro   0x0001e2e3      0x12d ./Core/Src/main.o
 .debug_macro   0x0001e410       0x7c ./Core/Src/main.o
 .debug_macro   0x0001e48c       0x64 ./Core/Src/main.o
 .debug_macro   0x0001e4f0      0x2aa ./Core/Src/mpu5060.o
 .debug_macro   0x0001e79a       0x82 ./Core/Src/mpu5060.o
 .debug_macro   0x0001e81c       0x61 ./Core/Src/mpu5060.o
 .debug_macro   0x0001e87d       0x2a ./Core/Src/mpu5060.o
 .debug_macro   0x0001e8a7       0x43 ./Core/Src/mpu5060.o
 .debug_macro   0x0001e8ea       0x34 ./Core/Src/mpu5060.o
 .debug_macro   0x0001e91e       0x16 ./Core/Src/mpu5060.o
 .debug_macro   0x0001e934       0x43 ./Core/Src/mpu5060.o
 .debug_macro   0x0001e977       0x34 ./Core/Src/mpu5060.o
 .debug_macro   0x0001e9ab       0x10 ./Core/Src/mpu5060.o
 .debug_macro   0x0001e9bb       0x58 ./Core/Src/mpu5060.o
 .debug_macro   0x0001ea13       0x8e ./Core/Src/mpu5060.o
 .debug_macro   0x0001eaa1       0x1c ./Core/Src/mpu5060.o
 .debug_macro   0x0001eabd      0x177 ./Core/Src/mpu5060.o
 .debug_macro   0x0001ec34      0x369 ./Core/Src/mpu5060.o
 .debug_macro   0x0001ef9d       0x10 ./Core/Src/mpu5060.o
 .debug_macro   0x0001efad       0x35 ./Core/Src/mpu5060.o
 .debug_macro   0x0001efe2       0x20 ./Core/Src/mpu5060.o
 .debug_macro   0x0001f002      0x1d9 ./Core/Src/stm32f4xx_hal_msp.o
 .debug_macro   0x0001f1db      0x1e3 ./Core/Src/stm32f4xx_it.o
 .debug_macro   0x0001f3be      0x1ca ./Core/Src/system_stm32f4xx.o
 .debug_macro   0x0001f588      0x22a ./Drivers/STM32F4xx_HAL_Driver/stm32f4xx_hal.o
 .debug_macro   0x0001f7b2      0x1ca ./Drivers/STM32F4xx_HAL_Driver/stm32f4xx_hal_cortex.o
 .debug_macro   0x0001f97c      0x1d0 ./Drivers/STM32F4xx_HAL_Driver/stm32f4xx_hal_gpio.o
 .debug_macro   0x0001fb4c      0x218 ./Drivers/STM32F4xx_HAL_Driver/stm32f4xx_hal_i2c.o
 .debug_macro   0x0001fd64      0x1ee ./Drivers/STM32F4xx_HAL_Driver/stm32f4xx_hal_rcc.o

.debug_line     0x00000000     0x9b2b
 .debug_line    0x00000000      0x964 ./Core/Src/main.o
 .debug_line    0x00000964      0xabd ./Core/Src/mpu5060.o
 .debug_line    0x00001421      0x830 ./Core/Src/stm32f4xx_hal_msp.o
 .debug_line    0x00001c51      0x82e ./Core/Src/stm32f4xx_it.o
 .debug_line    0x0000247f      0x7f0 ./Core/Src/system_stm32f4xx.o
 .debug_line    0x00002c6f       0x7a ./Core/Startup/startup_stm32f407vetx.o
 .debug_line    0x00002ce9      0xa97 ./Drivers/STM32F4xx_HAL_Driver/stm32f4xx_hal.o
 .debug_line    0x00003780      0xd89 ./Drivers/STM32F4xx_HAL_Driver/stm32f4xx_hal_cortex.o
 .debug_line    0x00004509      0xc23 ./Drivers/STM32F4xx_HAL_Driver/stm32f4xx_hal_gpio.o
 .debug_line    0x0000512c     0x3bdd ./Drivers/STM32F4xx_HAL_Driver/stm32f4xx_hal_i2c.o
 .debug_line    0x00008d09      0xe22 ./Drivers/STM32F4xx_HAL_Driver/stm32f4xx_hal_rcc.o

.debug_str      0x00000000    0xc26e4
 .debug_str     0x00000000    0xbd315 ./Core/Src/main.o
                              0xbd5f5 (size before relaxing)
 .debug_str     0x000bd315     0x333c ./Core/Src/mpu5060.o
                              0xc05b9 (size before relaxing)
 .debug_str     0x000c0651       0x63 ./Core/Src/stm32f4xx_hal_msp.o
                              0xbd0d5 (size before relaxing)
 .debug_str     0x000c06b4       0xc9 ./Core/Src/stm32f4xx_it.o
                              0xbcabd (size before relaxing)
 .debug_str     0x000c077d       0xdb ./Core/Src/system_stm32f4xx.o
                              0xbc93d (size before relaxing)
 .debug_str     0x000c0858       0x44 ./Core/Startup/startup_stm32f407vetx.o
                                 0x7f (size before relaxing)
 .debug_str     0x000c089c      0xb45 ./Drivers/STM32F4xx_HAL_Driver/stm32f4xx_hal.o
                              0xbd4ff (size before relaxing)
 .debug_str     0x000c13e1      0x3d0 ./Drivers/STM32F4xx_HAL_Driver/stm32f4xx_hal_cortex.o
                              0xbd27b (size before relaxing)
 .debug_str     0x000c17b1      0x15f ./Drivers/STM32F4xx_HAL_Driver/stm32f4xx_hal_gpio.o
                              0xbcaf6 (size before relaxing)
 .debug_str     0x000c1910      0xb83 ./Drivers/STM32F4xx_HAL_Driver/stm32f4xx_hal_i2c.o
                              0xbd999 (size before relaxing)
 .debug_str     0x000c2493      0x251 ./Drivers/STM32F4xx_HAL_Driver/stm32f4xx_hal_rcc.o
                              0xbcdaf (size before relaxing)

.comment        0x00000000       0x43
 .comment       0x00000000       0x43 ./Core/Src/main.o
                                 0x44 (size before relaxing)
 .comment       0x00000043       0x44 ./Core/Src/mpu5060.o
 .comment       0x00000043       0x44 ./Core/Src/stm32f4xx_hal_msp.o
 .comment       0x00000043       0x44 ./Core/Src/stm32f4xx_it.o
 .comment       0x00000043       0x44 ./Core/Src/system_stm32f4xx.o
 .comment       0x00000043       0x44 ./Drivers/STM32F4xx_HAL_Driver/stm32f4xx_hal.o
 .comment       0x00000043       0x44 ./Drivers/STM32F4xx_HAL_Driver/stm32f4xx_hal_cortex.o
 .comment       0x00000043       0x44 ./Drivers/STM32F4xx_HAL_Driver/stm32f4xx_hal_gpio.o
 .comment       0x00000043       0x44 ./Drivers/STM32F4xx_HAL_Driver/stm32f4xx_hal_i2c.o
 .comment       0x00000043       0x44 ./Drivers/STM32F4xx_HAL_Driver/stm32f4xx_hal_rcc.o

.debug_frame    0x00000000     0x1d54
 .debug_frame   0x00000000       0xe4 ./Core/Src/main.o
 .debug_frame   0x000000e4       0x88 ./Core/Src/mpu5060.o
 .debug_frame   0x0000016c       0x80 ./Core/Src/stm32f4xx_hal_msp.o
 .debug_frame   0x000001ec      0x104 ./Core/Src/stm32f4xx_it.o
 .debug_frame   0x000002f0       0x58 ./Core/Src/system_stm32f4xx.o
 .debug_frame   0x00000348      0x374 ./Drivers/STM32F4xx_HAL_Driver/stm32f4xx_hal.o
 .debug_frame   0x000006bc      0x508 ./Drivers/STM32F4xx_HAL_Driver/stm32f4xx_hal_cortex.o
 .debug_frame   0x00000bc4      0x14c ./Drivers/STM32F4xx_HAL_Driver/stm32f4xx_hal_gpio.o
 .debug_frame   0x00000d10      0xc84 ./Drivers/STM32F4xx_HAL_Driver/stm32f4xx_hal_i2c.o
 .debug_frame   0x00001994      0x1f4 ./Drivers/STM32F4xx_HAL_Driver/stm32f4xx_hal_rcc.o
 .debug_frame   0x00001b88       0x20 /opt/st/stm32cubeide_1.17.0/plugins/com.st.stm32cube.ide.mcu.externaltools.gnu-tools-for-stm32.12.3.rel1.linux64_1.1.0.202410170702/tools/bin/../lib/gcc/arm-none-eabi/12.3.1/../../../../arm-none-eabi/lib/thumb/v7e-m+fp/hard/libc_nano.a(libc_a-memset.o)
 .debug_frame   0x00001ba8       0x2c /opt/st/stm32cubeide_1.17.0/plugins/com.st.stm32cube.ide.mcu.externaltools.gnu-tools-for-stm32.12.3.rel1.linux64_1.1.0.202410170702/tools/bin/../lib/gcc/arm-none-eabi/12.3.1/../../../../arm-none-eabi/lib/thumb/v7e-m+fp/hard/libc_nano.a(libc_a-init.o)
 .debug_frame   0x00001bd4       0xac /opt/st/stm32cubeide_1.17.0/plugins/com.st.stm32cube.ide.mcu.externaltools.gnu-tools-for-stm32.12.3.rel1.linux64_1.1.0.202410170702/tools/bin/../lib/gcc/arm-none-eabi/12.3.1/thumb/v7e-m+fp/hard/libgcc.a(_arm_addsubdf3.o)
 .debug_frame   0x00001c80       0x50 /opt/st/stm32cubeide_1.17.0/plugins/com.st.stm32cube.ide.mcu.externaltools.gnu-tools-for-stm32.12.3.rel1.linux64_1.1.0.202410170702/tools/bin/../lib/gcc/arm-none-eabi/12.3.1/thumb/v7e-m+fp/hard/libgcc.a(_arm_muldivdf3.o)
 .debug_frame   0x00001cd0       0x24 /opt/st/stm32cubeide_1.17.0/plugins/com.st.stm32cube.ide.mcu.externaltools.gnu-tools-for-stm32.12.3.rel1.linux64_1.1.0.202410170702/tools/bin/../lib/gcc/arm-none-eabi/12.3.1/thumb/v7e-m+fp/hard/libgcc.a(_arm_fixdfsi.o)
 .debug_frame   0x00001cf4       0x2c /opt/st/stm32cubeide_1.17.0/plugins/com.st.stm32cube.ide.mcu.externaltools.gnu-tools-for-stm32.12.3.rel1.linux64_1.1.0.202410170702/tools/bin/../lib/gcc/arm-none-eabi/12.3.1/thumb/v7e-m+fp/hard/libgcc.a(_aeabi_uldivmod.o)
 .debug_frame   0x00001d20       0x34 /opt/st/stm32cubeide_1.17.0/plugins/com.st.stm32cube.ide.mcu.externaltools.gnu-tools-for-stm32.12.3.rel1.linux64_1.1.0.202410170702/tools/bin/../lib/gcc/arm-none-eabi/12.3.1/thumb/v7e-m+fp/hard/libgcc.a(_udivmoddi4.o)

.debug_line_str
                0x00000000       0x63
 .debug_line_str
                0x00000000       0x63 ./Core/Startup/startup_stm32f407vetx.o
